// Jest Snapshot v1, https://goo.gl/fbAQLP

exports[`matches the UserList snapshot 1`] = `
<div
  className="user-list"
>
  <span
    className="user-list__row"
    onClick={[Function]}
  >
    user0
  </span>
  <span
    className="user-list__row"
    onClick={[Function]}
  >
    user1
  </span>
  <span
    className="user-list__row"
    onClick={[Function]}
  >
    user2
  </span>
  <span
    className="user-list__row"
    onClick={[Function]}
  >
    user3
  </span>
  <span
    className="user-list__row"
    onClick={[Function]}
  >
    user4
  </span>
</div>
`;
